exports[`Some app > should see a yellow canvas #0`] = `
canvas
`;
